// Vitest Snapshot v1, https://vitest.dev/guide/snapshot.html

exports[`fromEntries function > [['a', 1], ['b', 'c']] |> fromEntries === {a: 1, b: 'c'} 1`] = `
{
  "a": 1,
  "b": "c",
}
`;

exports[`fromEntries function > [] |> fromEntries === {} 1`] = `{}`;

exports[`fromEntries function > is a pure function 1`] = `
[
  [
    "a",
    1,
  ],
  [
    "b",
    "c",
  ],
]
`;
