// Jest Snapshot v1, https://goo.gl/fbAQLP

exports[`map function [] |> map(incr) === [] 1`] = `Array []`;

exports[`map function [1, 2, 3, 4, 5] |> map(incr) === [2, 3, 4, 5, 6] 1`] = `
Array [
  2,
  3,
  4,
  5,
  6,
]
`;

exports[`map function is a pure function 1`] = `
Array [
  1,
  2,
  3,
  4,
  5,
]
`;
