// Vitest Snapshot v1, https://vitest.dev/guide/snapshot.html

exports[`sortBy function > input |> sortBy(a, b) 1`] = `
[
  {
    "a": 1,
    "b": 1,
  },
  {
    "a": 1,
    "b": 2,
  },
  {
    "a": 1,
    "b": 3,
  },
  {
    "a": 2,
    "b": 1,
  },
  {
    "a": 2,
    "b": 2,
  },
  {
    "a": 2,
    "b": 3,
  },
  {
    "a": 3,
    "b": 1,
  },
  {
    "a": 3,
    "b": 2,
  },
  {
    "a": 3,
    "b": 3,
  },
]
`;

exports[`sortBy function > is a pure function 1`] = `
[
  {
    "a": 2,
    "b": 2,
  },
  {
    "a": 2,
    "b": 1,
  },
  {
    "a": 3,
    "b": 3,
  },
  {
    "a": 3,
    "b": 1,
  },
  {
    "a": 3,
    "b": 2,
  },
  {
    "a": 1,
    "b": 1,
  },
  {
    "a": 1,
    "b": 2,
  },
  {
    "a": 2,
    "b": 3,
  },
  {
    "a": 1,
    "b": 3,
  },
]
`;
