// Vitest Snapshot v1, https://vitest.dev/guide/snapshot.html

exports[`pop function > [] |> pop === [] 1`] = `[]`;

exports[`pop function > [1, 2, 3, 4, 5] |> pop === [1, 2, 3, 4] 1`] = `
[
  1,
  2,
  3,
  4,
]
`;

exports[`pop function > [1] |> pop === [] 1`] = `[]`;

exports[`pop function > is a pure function 1`] = `
[
  1,
  2,
  3,
  4,
  5,
]
`;
