// Jest Snapshot v1, https://goo.gl/fbAQLP

exports[`unshift function [] |> unshift(4, 5) === [4, 5] 1`] = `
Array [
  4,
  5,
]
`;

exports[`unshift function [1, 2, 3] |> unshift(4, 5) === [4, 5, 1, 2, 3] 1`] = `
Array [
  4,
  5,
  1,
  2,
  3,
]
`;

exports[`unshift function is a pure function 1`] = `
Array [
  1,
  2,
  3,
]
`;
