// Jest Snapshot v1, https://goo.gl/fbAQLP

exports[`ifElse function 1 |> ifElse(isEven, say it's even, say it's odd) === 1 is odd 1`] = `"1 is odd"`;

exports[`ifElse function 2 |> ifElse(isEven, say it's even, say it's odd) === 2 is even 1`] = `"2 is even"`;

exports[`ifElse function is a pure function 1`] = `1`;
