// Vitest Snapshot v1, https://vitest.dev/guide/snapshot.html

exports[`reverse function > "" |> reverse === "" 1`] = `""`;

exports[`reverse function > "azertyuiop" |> reverse === "poiuytreza" 1`] = `"poiuytreza"`;

exports[`reverse function > [] |> reverse === [] 1`] = `[]`;

exports[`reverse function > [1, 2, 3, 4, 5] |> reverse === [5, 4, 3, 2, 1] 1`] = `
[
  5,
  4,
  3,
  2,
  1,
]
`;

exports[`reverse function > is a pure function with array 1`] = `
[
  1,
  2,
  3,
  4,
  5,
]
`;

exports[`reverse function > is a pure function with string 1`] = `"azertyuiop"`;
