// Vitest Snapshot v1, https://vitest.dev/guide/snapshot.html

exports[`triangular function > [] |> triangular === [] 1`] = `[]`;

exports[`triangular function > [1, 2, 3, 4, 5] |> triangular === [[1], [1, 2], [1, 2, 3], [1, 2, 3, 4], [1, 2, 3, 4, 5]] 1`] = `
[
  [
    1,
  ],
  [
    1,
    2,
  ],
  [
    1,
    2,
    3,
  ],
  [
    1,
    2,
    3,
    4,
  ],
  [
    1,
    2,
    3,
    4,
    5,
  ],
]
`;

exports[`triangular function > is a pure function 1`] = `
[
  1,
  2,
  3,
  4,
  5,
]
`;
