// Jest Snapshot v1, https://goo.gl/fbAQLP

exports[`values function { a: 1, b: 2, c: 3 } |> values === [1, 2, 3] 1`] = `
Array [
  1,
  2,
  3,
]
`;

exports[`values function {} |> values === [] 1`] = `Array []`;

exports[`values function is a pure function 1`] = `
Object {
  "a": 1,
  "b": 2,
  "c": 3,
}
`;
