// Vitest Snapshot v1, https://vitest.dev/guide/snapshot.html

exports[`minBy function > is a pure function 1`] = `
[
  {
    "x": 1,
    "y": 5,
  },
  {
    "x": 1,
    "y": 4,
  },
  {
    "x": 2,
    "y": 4,
  },
  {
    "x": 3,
    "y": 3,
  },
  {
    "x": 4,
    "y": 2,
  },
  {
    "x": 3,
    "y": 2,
  },
]
`;
